// Jest Snapshot v1, https://goo.gl/fbAQLP

exports[`should render a dog 1`] = `
<div>
  <div
    class="dog-detail"
  >
    <h2>
      Molly
    </h2>
    <img
      class="dog-detail-image"
      src="https://generator.ninja/static/50a86cb17862a23623a7cac32d0db051/dc4db/appenzeller-dog.jpg"
    />
    <h4>
      Age: 
      4
    </h4>
    <h4>
      Breed: 
      Appenzeller
    </h4>
    <h4>
      Bio: 
      Eye see you.
    </h4>
    <a
      href="/dogs/4/edit"
    >
      Edit
    </a>
  </div>
</div>
`;
